#-----------------------------------------------------------
# Vivado v2019.1 (64-bit)
# SW Build 2552052 on Fri May 24 14:49:42 MDT 2019
# IP Build 2548770 on Fri May 24 18:01:18 MDT 2019
# Start of session at: Tue Apr 26 17:43:13 2022
# Process ID: 4952
# Current directory: C:/Xilinx_clase/Lab1
# Command line: vivado.exe -gui_launcher_event rodinguilauncherevent7860 C:\Xilinx_clase\Lab1\Lab1.xpr
# Log file: C:/Xilinx_clase/Lab1/vivado.log
# Journal file: C:/Xilinx_clase/Lab1\vivado.jou
#-----------------------------------------------------------
start_gui
open_project C:/Xilinx_clase/Lab1/Lab1.xpr
update_compile_order -fileset sources_1
# Disabling source management mode.  This is to allow the top design properties to be set without GUI intervention.
set_property source_mgmt_mode None [current_project]
set_property top tb_rst_async_sync [get_filesets sim_1]
set_property top_lib xil_defaultlib [get_filesets sim_1]
# Re-enabling previously disabled source management mode.
set_property source_mgmt_mode All [current_project]
update_compile_order -fileset sim_1
launch_simulation
