#-----------------------------------------------------------
# Vivado v2019.1 (64-bit)
# SW Build 2552052 on Fri May 24 14:49:42 MDT 2019
# IP Build 2548770 on Fri May 24 18:01:18 MDT 2019
# Start of session at: Mon May  2 19:01:35 2022
# Process ID: 10648
# Current directory: C:/Xilinx_clase/Lab1
# Command line: vivado.exe -gui_launcher_event rodinguilauncherevent4572 C:\Xilinx_clase\Lab1\Lab1.xpr
# Log file: C:/Xilinx_clase/Lab1/vivado.log
# Journal file: C:/Xilinx_clase/Lab1\vivado.jou
#-----------------------------------------------------------
start_gui
open_project C:/Xilinx_clase/Lab1/Lab1.xpr
update_compile_order -fileset sources_1
# Disabling source management mode.  This is to allow the top design properties to be set without GUI intervention.
set_property source_mgmt_mode None [current_project]
set_property top test_lfsr [get_filesets sim_1]
set_property top_lib xil_defaultlib [get_filesets sim_1]
# Re-enabling previously disabled source management mode.
set_property source_mgmt_mode All [current_project]
update_compile_order -fileset sim_1
update_compile_order -fileset sim_1
set_property source_mgmt_mode DisplayOnly [current_project]
launch_simulation
launch_simulation
export_ip_user_files -of_objects  [get_files C:/Xilinx_clase/Lab1/Lab1.srcs/sim_1/new/tb_LFSR.vhd] -no_script -reset -force -quiet
remove_files  -fileset sim_1 C:/Xilinx_clase/Lab1/Lab1.srcs/sim_1/new/tb_LFSR.vhd
launch_simulation
