#-----------------------------------------------------------
# Vivado v2019.1 (64-bit)
# SW Build 2552052 on Fri May 24 14:49:42 MDT 2019
# IP Build 2548770 on Fri May 24 18:01:18 MDT 2019
# Start of session at: Sat Apr 23 15:57:48 2022
# Process ID: 11776
# Current directory: C:/Xilinx_clase/Lab1
# Command line: vivado.exe -gui_launcher_event rodinguilauncherevent7500 C:\Xilinx_clase\Lab1\Lab1.xpr
# Log file: C:/Xilinx_clase/Lab1/vivado.log
# Journal file: C:/Xilinx_clase/Lab1\vivado.jou
#-----------------------------------------------------------
start_gui
open_project C:/Xilinx_clase/Lab1/Lab1.xpr
update_compile_order -fileset sources_1
close [ open C:/Xilinx_clase/Lab1/Lab1.srcs/sources_1/new/Antirrebote.vhd w ]
add_files C:/Xilinx_clase/Lab1/Lab1.srcs/sources_1/new/Antirrebote.vhd
update_compile_order -fileset sources_1
reset_run synth_1
launch_runs synth_1 -jobs 2
wait_on_run synth_1
reset_run synth_1
synth_design -rtl -name rtl_1
# Disabling source management mode.  This is to allow the top design properties to be set without GUI intervention.
set_property source_mgmt_mode None [current_project]
set_property top antirrebote [current_fileset]
# Re-enabling previously disabled source management mode.
set_property source_mgmt_mode All [current_project]
update_compile_order -fileset sources_1
refresh_design
refresh_design
refresh_design
refresh_design
update_compile_order -fileset sources_1
refresh_design
update_compile_order -fileset sources_1
refresh_design
